[    0.000000] Linux version 4.15.0-136-generic (buildd@lcy01-amd64-029) (gcc version 7.5.0 (Ubuntu 7.5.0-3ubuntu1~18.04)) #140-Ubuntu SMP Thu Jan 28 05:20:47 UTC 2021 (Ubuntu 4.15.0-136.140-generic 4.15.18)
[    0.000000] Command line: BOOT_IMAGE=/boot/vmlinuz-4.15.0-136-generic root=LABEL=cloudimg-rootfs ro console=tty1 console=ttyS0
[    0.000000] KERNEL supported cpus:
[    0.000000]   Intel GenuineIntel
[    0.000000]   AMD AuthenticAMD
[    0.000000]   Centaur CentaurHauls
[    0.000000] x86/fpu: Supporting XSAVE feature 0x001: 'x87 floating point registers'
[    0.000000] x86/fpu: Supporting XSAVE feature 0x002: 'SSE registers'
[    0.000000] x86/fpu: Supporting XSAVE feature 0x004: 'AVX registers'
[    0.000000] x86/fpu: xstate_offset[2]:  576, xstate_sizes[2]:  256
[    0.000000] x86/fpu: Enabled xstate features 0x7, context size is 832 bytes, using 'standard' format.
[    0.000000] e820: BIOS-provided physical RAM map:
[    0.000000] BIOS-e820: [mem 0x0000000000000000-0x000000000009fbff] usable
[    0.000000] BIOS-e820: [mem 0x000000000009fc00-0x000000000009ffff] reserved
[    0.000000] BIOS-e820: [mem 0x00000000000f0000-0x00000000000fffff] reserved
[    0.000000] BIOS-e820: [mem 0x0000000000100000-0x000000007ffeffff] usable
[    0.000000] BIOS-e820: [mem 0x000000007fff0000-0x000000007fffffff] ACPI data
[    0.000000] BIOS-e820: [mem 0x00000000fec00000-0x00000000fec00fff] reserved
[    0.000000] BIOS-e820: [mem 0x00000000fee00000-0x00000000fee00fff] reserved
[    0.000000] BIOS-e820: [mem 0x00000000fffc0000-0x00000000ffffffff] reserved
[    0.000000] NX (Execute Disable) protection: active
[    0.000000] SMBIOS 2.5 present.
[    0.000000] DMI: innotek GmbH VirtualBox/VirtualBox, BIOS VirtualBox 12/01/2006
[    0.000000] Hypervisor detected: KVM
[    0.000000] e820: last_pfn = 0x7fff0 max_arch_pfn = 0x400000000
[    0.000000] MTRR: Disabled
[    0.000000] x86/PAT: MTRRs disabled, skipping PAT initialization too.
[    0.000000] CPU MTRRs all blank - virtualized system.
[    0.000000] x86/PAT: Configuration [0-7]: WB  WT  UC- UC  WB  WT  UC- UC  
[    0.000000] found SMP MP-table at [mem 0x0009fff0-0x0009ffff]
[    0.000000] Scanning 1 areas for low memory corruption
[    0.000000] RAMDISK: [mem 0x35a63000-0x36d28fff]
[    0.000000] ACPI: Early table checksum verification disabled
[    0.000000] ACPI: RSDP 0x00000000000E0000 000024 (v02 VBOX  )
[    0.000000] ACPI: XSDT 0x000000007FFF0030 00003C (v01 VBOX   VBOXXSDT 00000001 ASL  00000061)
[    0.000000] ACPI: FACP 0x000000007FFF00F0 0000F4 (v04 VBOX   VBOXFACP 00000001 ASL  00000061)
[    0.000000] ACPI: DSDT 0x000000007FFF0470 002325 (v02 VBOX   VBOXBIOS 00000002 INTL 20190509)
[    0.000000] ACPI: FACS 0x000000007FFF0200 000040
[    0.000000] ACPI: FACS 0x000000007FFF0200 000040
[    0.000000] ACPI: APIC 0x000000007FFF0240 00005C (v02 VBOX   VBOXAPIC 00000001 ASL  00000061)
[    0.000000] ACPI: SSDT 0x000000007FFF02A0 0001CC (v01 VBOX   VBOXCPUT 00000002 INTL 20190509)
[    0.000000] No NUMA configuration found
[    0.000000] Faking a node at [mem 0x0000000000000000-0x000000007ffeffff]
[    0.000000] NODE_DATA(0) allocated [mem 0x7ffc5000-0x7ffeffff]
[    0.000000] kvm-clock: cpu 0, msr 0:7ff44001, primary cpu clock
[    0.000000] kvm-clock: Using msrs 4b564d01 and 4b564d00
[    0.000000] kvm-clock: using sched offset of 3150386860 cycles
[    0.000000] clocksource: kvm-clock: mask: 0xffffffffffffffff max_cycles: 0x1cd42e4dffb, max_idle_ns: 881590591483 ns
[    0.000000] Zone ranges:
[    0.000000]   DMA      [mem 0x0000000000001000-0x0000000000ffffff]
[    0.000000]   DMA32    [mem 0x0000000001000000-0x000000007ffeffff]
[    0.000000]   Normal   empty
[    0.000000]   Device   empty
[    0.000000] Movable zone start for each node
[    0.000000] Early memory node ranges
[    0.000000]   node   0: [mem 0x0000000000001000-0x000000000009efff]
[    0.000000]   node   0: [mem 0x0000000000100000-0x000000007ffeffff]
[    0.000000] Reserved but unavailable: 98 pages
[    0.000000] Initmem setup node 0 [mem 0x0000000000001000-0x000000007ffeffff]
[    0.000000] ACPI: PM-Timer IO Port: 0x4008
[    0.000000] IOAPIC[0]: apic_id 2, version 32, address 0xfec00000, GSI 0-23
[    0.000000] ACPI: INT_SRC_OVR (bus 0 bus_irq 0 global_irq 2 dfl dfl)
[    0.000000] ACPI: INT_SRC_OVR (bus 0 bus_irq 9 global_irq 9 low level)
[    0.000000] Using ACPI (MADT) for SMP configuration information
[    0.000000] smpboot: Allowing 2 CPUs, 0 hotplug CPUs
[    0.000000] PM: Registered nosave memory: [mem 0x00000000-0x00000fff]
[    0.000000] PM: Registered nosave memory: [mem 0x0009f000-0x0009ffff]
[    0.000000] PM: Registered nosave memory: [mem 0x000a0000-0x000effff]
[    0.000000] PM: Registered nosave memory: [mem 0x000f0000-0x000fffff]
[    0.000000] e820: [mem 0x80000000-0xfebfffff] available for PCI devices
[    0.000000] Booting paravirtualized kernel on KVM
[    0.000000] clocksource: refined-jiffies: mask: 0xffffffff max_cycles: 0xffffffff, max_idle_ns: 7645519600211568 ns
[    0.000000] random: get_random_bytes called from start_kernel+0x99/0x500 with crng_init=0
[    0.000000] setup_percpu: NR_CPUS:8192 nr_cpumask_bits:2 nr_cpu_ids:2 nr_node_ids:1
[    0.000000] percpu: Embedded 45 pages/cpu s147456 r8192 d28672 u1048576
[    0.000000] PV qspinlock hash table entries: 256 (order: 0, 4096 bytes)
[    0.000000] Built 1 zonelists, mobility grouping on.  Total pages: 515961
[    0.000000] Policy zone: DMA32
[    0.000000] Kernel command line: BOOT_IMAGE=/boot/vmlinuz-4.15.0-136-generic root=LABEL=cloudimg-rootfs ro console=tty1 console=ttyS0
[    0.000000] Memory: 2015212K/2096696K available (12300K kernel code, 2482K rwdata, 4276K rodata, 2440K init, 2724K bss, 81484K reserved, 0K cma-reserved)
[    0.000000] SLUB: HWalign=64, Order=0-3, MinObjects=0, CPUs=2, Nodes=1
[    0.000000] Kernel/User page tables isolation: enabled
[    0.000000] ftrace: allocating 39427 entries in 155 pages
[    0.004000] Hierarchical RCU implementation.
[    0.004000] 	RCU restricting CPUs from NR_CPUS=8192 to nr_cpu_ids=2.
[    0.004000] 	Tasks RCU enabled.
[    0.004000] RCU: Adjusting geometry for rcu_fanout_leaf=16, nr_cpu_ids=2
[    0.004000] NR_IRQS: 524544, nr_irqs: 440, preallocated irqs: 16
[    0.004000] Console: colour VGA+ 80x25
[    0.004000] console [tty1] enabled
[    0.004000] console [ttyS0] enabled
[    0.004000] ACPI: Core revision 20170831
[    0.004000] ACPI: 2 ACPI AML tables successfully acquired and loaded
[    0.004000] APIC: Switch to symmetric I/O mode setup
[    0.004000] x2apic enabled
[    0.004000] Switched APIC routing to physical x2apic.
[    0.004000] ..TIMER: vector=0x30 apic1=0 pin1=2 apic2=-1 pin2=-1
[    0.004000] tsc: Detected 3695.998 MHz processor
[    0.004000] Calibrating delay loop (skipped) preset value.. 7391.99 BogoMIPS (lpj=14783992)
[    0.004003] pid_max: default: 32768 minimum: 301
[    0.004541] Security Framework initialized
[    0.005013] Yama: becoming mindful.
[    0.005436] AppArmor: AppArmor initialized
[    0.006450] Dentry cache hash table entries: 262144 (order: 9, 2097152 bytes)
[    0.007606] Inode-cache hash table entries: 131072 (order: 8, 1048576 bytes)
[    0.008011] Mount-cache hash table entries: 4096 (order: 3, 32768 bytes)
[    0.008708] Mountpoint-cache hash table entries: 4096 (order: 3, 32768 bytes)
[    0.009611] Last level iTLB entries: 4KB 64, 2MB 8, 4MB 8
[    0.010184] Last level dTLB entries: 4KB 64, 2MB 0, 4MB 0, 1GB 4
[    0.010810] Spectre V1 : Mitigation: usercopy/swapgs barriers and __user pointer sanitization
[    0.012002] Spectre V2 : Mitigation: Full generic retpoline
[    0.012631] Spectre V2 : Spectre v2 / SpectreRSB mitigation: Filling RSB on context switch
[    0.013481] Speculative Store Bypass: Vulnerable
[    0.014105] SRBDS: Unknown: Dependent on hypervisor status
[    0.014917] MDS: Mitigation: Clear CPU buffers
[    0.015526] Freeing SMP alternatives memory: 36K
[    0.126093] smpboot: CPU0: Intel(R) Core(TM) i7-8700K CPU @ 3.70GHz (family: 0x6, model: 0x9e, stepping: 0xa)
[    0.127184] Performance Events: unsupported p6 CPU model 158 no PMU driver, software events only.
[    0.128000] Hierarchical SRCU implementation.
[    0.128000] NMI watchdog: Perf event create on CPU 0 failed with -2
[    0.128000] NMI watchdog: Perf NMI watchdog permanently disabled
[    0.128030] smp: Bringing up secondary CPUs ...
[    0.128553] x86: Booting SMP configuration:
[    0.129036] .... node  #0, CPUs:      #1
[    0.004000] kvm-clock: cpu 1, msr 0:7ff44041, secondary cpu clock
[    0.132013] smp: Brought up 1 node, 2 CPUs
[    0.132477] smpboot: Max logical packages: 1
[    0.132930] smpboot: Total of 2 processors activated (14783.99 BogoMIPS)
[    0.133699] devtmpfs: initialized
[    0.133699] x86/mm: Memory block size: 128MB
[    0.133699] evm: security.selinux
[    0.133699] evm: security.SMACK64
[    0.133854] evm: security.SMACK64EXEC
[    0.136003] evm: security.SMACK64TRANSMUTE
[    0.136482] evm: security.SMACK64MMAP
[    0.136899] evm: security.apparmor
[    0.137320] evm: security.ima
[    0.137681] evm: security.capability
[    0.138160] clocksource: jiffies: mask: 0xffffffff max_cycles: 0xffffffff, max_idle_ns: 7645041785100000 ns
[    0.138160] futex hash table entries: 512 (order: 3, 32768 bytes)
[    0.140041] pinctrl core: initialized pinctrl subsystem
[    0.140676] RTC time: 14:06:35, date: 03/09/21
[    0.141295] NET: Registered protocol family 16
[    0.141867] audit: initializing netlink subsys (disabled)
[    0.142469] audit: type=2000 audit(1615298800.465:1): state=initialized audit_enabled=0 res=1
[    0.144008] cpuidle: using governor ladder
[    0.144456] cpuidle: using governor menu
[    0.144911] ACPI: bus type PCI registered
[    0.145380] acpiphp: ACPI Hot Plug PCI Controller Driver version: 0.5
[    0.146115] PCI: Using configuration type 1 for base access
[    0.146741] HugeTLB registered 2.00 MiB page size, pre-allocated 0 pages
[    0.148048] ACPI: Added _OSI(Module Device)
[    0.148535] ACPI: Added _OSI(Processor Device)
[    0.149029] ACPI: Added _OSI(3.0 _SCP Extensions)
[    0.149615] ACPI: Added _OSI(Processor Aggregator Device)
[    0.150188] ACPI: Added _OSI(Linux-Dell-Video)
[    0.150686] ACPI: Added _OSI(Linux-Lenovo-NV-HDMI-Audio)
[    0.152002] ACPI: Added _OSI(Linux-HPI-Hybrid-Graphics)
[    0.152730] ACPI: Executed 1 blocks of module-level executable AML code
[    0.156006] ACPI: Interpreter enabled
[    0.156717] ACPI: (supports S0 S5)
[    0.157093] ACPI: Using IOAPIC for interrupt routing
[    0.157929] PCI: Using host bridge windows from ACPI; if necessary, use "pci=nocrs" and report a bug
[    0.159052] ACPI: Enabled 2 GPEs in block 00 to 07
[    0.163398] ACPI: PCI Root Bridge [PCI0] (domain 0000 [bus 00-ff])
[    0.164005] acpi PNP0A03:00: _OSC: OS supports [ASPM ClockPM Segments MSI]
[    0.165019] acpi PNP0A03:00: _OSC: not requesting OS control; OS requires [ExtendedConfig ASPM ClockPM MSI]
[    0.166028] acpi PNP0A03:00: fail to add MMCONFIG information, can't access extended PCI configuration space under this bridge.
[    0.167426] PCI host bridge to bus 0000:00
[    0.167901] pci_bus 0000:00: root bus resource [io  0x0000-0x0cf7 window]
[    0.168002] pci_bus 0000:00: root bus resource [io  0x0d00-0xffff window]
[    0.168705] pci_bus 0000:00: root bus resource [mem 0x000a0000-0x000bffff window]
[    0.169502] pci_bus 0000:00: root bus resource [mem 0x80000000-0xfdffffff window]
[    0.170433] pci_bus 0000:00: root bus resource [bus 00-ff]
[    0.173558] pci 0000:00:01.1: legacy IDE quirk: reg 0x10: [io  0x01f0-0x01f7]
[    0.174301] pci 0000:00:01.1: legacy IDE quirk: reg 0x14: [io  0x03f6]
[    0.175016] pci 0000:00:01.1: legacy IDE quirk: reg 0x18: [io  0x0170-0x0177]
[    0.176017] pci 0000:00:01.1: legacy IDE quirk: reg 0x1c: [io  0x0376]
[    0.190664] pci 0000:00:07.0: quirk: [io  0x4000-0x403f] claimed by PIIX4 ACPI
[    0.192011] pci 0000:00:07.0: quirk: [io  0x4100-0x410f] claimed by PIIX4 SMB
[    0.198491] ACPI: PCI Interrupt Link [LNKA] (IRQs 5 9 10 *11)
[    0.200000] ACPI: PCI Interrupt Link [LNKB] (IRQs 5 9 *10 11)
[    0.200000] ACPI: PCI Interrupt Link [LNKC] (IRQs 5 *9 10 11)
[    0.200074] ACPI: PCI Interrupt Link [LNKD] (IRQs 5 9 10 *11)
[    0.204163] SCSI subsystem initialized
[    0.208042] pci 0000:00:02.0: vgaarb: setting as boot VGA device
[    0.208834] pci 0000:00:02.0: vgaarb: VGA device added: decodes=io+mem,owns=io+mem,locks=none
[    0.209978] pci 0000:00:02.0: vgaarb: bridge control possible
[    0.210715] vgaarb: loaded
[    0.211118] ACPI: bus type USB registered
[    0.211659] usbcore: registered new interface driver usbfs
[    0.212008] usbcore: registered new interface driver hub
[    0.212678] usbcore: registered new device driver usb
[    0.213344] EDAC MC: Ver: 3.0.0
[    0.213344] PCI: Using ACPI for IRQ routing
[    0.213344] NetLabel: Initializing
[    0.213344] NetLabel:  domain hash size = 128
[    0.216002] NetLabel:  protocols = UNLABELED CIPSOv4 CALIPSO
[    0.216715] NetLabel:  unlabeled traffic allowed by default
[    0.217439] clocksource: Switched to clocksource kvm-clock
[    0.224312] VFS: Disk quotas dquot_6.6.0
[    0.224874] VFS: Dquot-cache hash table entries: 512 (order 0, 4096 bytes)
[    0.225798] AppArmor: AppArmor Filesystem Enabled
[    0.226498] pnp: PnP ACPI init
[    0.227528] pnp: PnP ACPI: found 3 devices
[    0.235133] clocksource: acpi_pm: mask: 0xffffff max_cycles: 0xffffff, max_idle_ns: 2085701024 ns
[    0.236140] NET: Registered protocol family 2
[    0.236954] TCP established hash table entries: 16384 (order: 5, 131072 bytes)
[    0.237892] TCP bind hash table entries: 16384 (order: 6, 262144 bytes)
[    0.238723] TCP: Hash tables configured (established 16384 bind 16384)
[    0.239949] UDP hash table entries: 1024 (order: 3, 32768 bytes)
[    0.240710] UDP-Lite hash table entries: 1024 (order: 3, 32768 bytes)
[    0.241521] NET: Registered protocol family 1
[    0.242079] pci 0000:00:00.0: Limiting direct PCI/PCI transfers
[    0.242929] pci 0000:00:01.0: Activating ISA DMA hang workarounds
[    0.243705] pci 0000:00:02.0: Video device with shadowed ROM at [mem 0x000c0000-0x000dffff]
[    0.244815] Unpacking initramfs...
[    0.433932] Freeing initrd memory: 19224K
[    0.434523] clocksource: tsc: mask: 0xffffffffffffffff max_cycles: 0x6a8d2284b57, max_idle_ns: 881590451434 ns
[    0.435739] platform rtc_cmos: registered platform RTC device (no PNP device found)
[    0.437193] Scanning for low memory corruption every 60 seconds
[    0.438382] Initialise system trusted keyrings
[    0.438950] Key type blacklist registered
[    0.439534] workingset: timestamp_bits=36 max_order=19 bucket_order=0
[    0.440960] zbud: loaded
[    0.441664] squashfs: version 4.0 (2009/01/31) Phillip Lougher
[    0.442528] fuse init (API version 7.26)
[    0.445010] Key type asymmetric registered
[    0.445532] Asymmetric key parser 'x509' registered
[    0.446152] Block layer SCSI generic (bsg) driver version 0.4 loaded (major 246)
[    0.447096] io scheduler noop registered
[    0.447600] io scheduler deadline registered
[    0.448371] io scheduler cfq registered (default)
[    0.449205] ACPI: AC Adapter [AC] (on-line)
[    0.449777] input: Power Button as /devices/LNXSYSTM:00/LNXPWRBN:00/input/input0
[    0.450746] ACPI: Power Button [PWRF]
[    0.451255] input: Sleep Button as /devices/LNXSYSTM:00/LNXSLPBN:00/input/input1
[    0.452174] ACPI: Sleep Button [SLPF]
[    0.453036] Serial: 8250/16550 driver, 32 ports, IRQ sharing enabled
[    0.474241] 00:02: ttyS0 at I/O 0x3f8 (irq = 4, base_baud = 115200) is a 16550A
[    0.476905] Linux agpgart interface v0.103
[    0.478849] loop: module loaded
[    0.479602] scsi host0: ata_piix
[    0.480113] scsi host1: ata_piix
[    0.480597] ata1: PATA max UDMA/33 cmd 0x1f0 ctl 0x3f6 bmdma 0xd000 irq 14
[    0.481415] ata2: PATA max UDMA/33 cmd 0x170 ctl 0x376 bmdma 0xd008 irq 15
[    0.482412] libphy: Fixed MDIO Bus: probed
[    0.482935] tun: Universal TUN/TAP device driver, 1.6
[    0.483630] PPP generic driver version 2.4.2
[    0.484221] ehci_hcd: USB 2.0 'Enhanced' Host Controller (EHCI) Driver
[    0.485044] ehci-pci: EHCI PCI platform driver
[    0.485615] ehci-platform: EHCI generic platform driver
[    0.486350] ohci_hcd: USB 1.1 'Open' Host Controller (OHCI) Driver
[    0.487273] ohci-pci: OHCI PCI platform driver
[    0.487926] ohci-platform: OHCI generic platform driver
[    0.488716] uhci_hcd: USB Universal Host Controller Interface driver
[    0.489540] i8042: PNP: PS/2 Controller [PNP0303:PS2K,PNP0f03:PS2M] at 0x60,0x64 irq 1,12
[    0.490887] serio: i8042 KBD port at 0x60,0x64 irq 1
[    0.491567] serio: i8042 AUX port at 0x60,0x64 irq 12
[    0.492304] mousedev: PS/2 mouse device common for all mice
[    0.493522] input: AT Translated Set 2 keyboard as /devices/platform/i8042/serio0/input/input2
[    0.494696] rtc_cmos rtc_cmos: rtc core: registered rtc_cmos as rtc0
[    0.495490] rtc_cmos rtc_cmos: alarms up to one day, 114 bytes nvram
[    0.496262] i2c /dev entries driver
[    0.496754] device-mapper: uevent: version 1.0.3
[    0.497398] device-mapper: ioctl: 4.37.0-ioctl (2017-09-20) initialised: dm-devel@redhat.com
[    0.498495] ledtrig-cpu: registered to indicate activity on CPUs
[    0.499528] NET: Registered protocol family 10
[    0.502785] Segment Routing with IPv6
[    0.503452] NET: Registered protocol family 17
[    0.504169] Key type dns_resolver registered
[    0.504917] mce: Using 0 MCE banks
[    0.505370] RAS: Correctable Errors collector initialized.
[    0.506048] sched_clock: Marking stable (504900849, 0)->(604495002, -99594153)
[    0.507267] registered taskstats version 1
[    0.507795] Loading compiled-in X.509 certificates
[    0.509877] Loaded X.509 cert 'Build time autogenerated kernel key: c356b48d5f070be9e15fb09bbd57426939f0386e'
[    0.511079] zswap: loaded using pool lzo/zbud
[    0.513899] Key type big_key registered
[    0.514406] Key type trusted registered
[    0.515879] Key type encrypted registered
[    0.516462] AppArmor: AppArmor sha1 policy hashing enabled
[    0.517164] ima: No TPM chip found, activating TPM-bypass! (rc=-19)
[    0.517934] ima: Allocated hash algorithm: sha1
[    0.518505] evm: HMAC attrs: 0x1
[    0.519048]   Magic number: 13:206:131
[    0.519662] rtc_cmos rtc_cmos: setting system clock to 2021-03-09 14:06:35 UTC (1615298795)
[    0.520879] BIOS EDD facility v0.16 2004-Jun-25, 0 devices found
[    0.521604] EDD information not available.
[    0.670607] Freeing unused kernel image memory: 2440K
[    0.748592] Write protecting the kernel read-only data: 20480k
[    0.754657] Freeing unused kernel image memory: 2008K
[    0.759204] Freeing unused kernel image memory: 1868K
[    0.786757] x86/mm: Checked W+X mappings: passed, no W+X pages found.
[    0.788579] x86/mm: Checking user space page tables
[    0.798221] x86/mm: Checked W+X mappings: passed, no W+X pages found.
Loading, please wait...
starting version 237
[    0.849312] e1000: Intel(R) PRO/1000 Network Driver - version 7.3.21-k8-NAPI
[    0.850158] e1000: Copyright (c) 1999-2006 Intel Corporation.
[    0.858597] Fusion MPT base driver 3.04.20
[    0.859120] Copyright (c) 1999-2008 LSI Corporation
[    0.862498] Fusion MPT SPI Host driver 3.04.20
[    0.865182] AVX2 version of gcm_enc/dec engaged.
[    0.865698] AES CTR mode by8 optimization enabled
[    1.084703] input: ImExPS/2 Generic Explorer Mouse as /devices/platform/i8042/serio1/input/input4
[    1.243381] e1000 0000:00:03.0 eth0: (PCI:33MHz:32-bit) 02:23:22:c3:32:51
[    1.245769] e1000 0000:00:03.0 eth0: Intel(R) PRO/1000 Network Connection
[    1.249250] mptbase: ioc0: Initiating bringup
[    1.249559] e1000 0000:00:03.0 enp0s3: renamed from eth0
[    1.356386] ioc0: LSI53C1030 A0: Capabilities={Initiator}
[    1.616759] scsi host2: ioc0: LSI53C1030 A0, FwRev=00000000h, Ports=1, MaxQ=256, IRQ=20
[    1.789450] scsi 2:0:0:0: Direct-Access     VBOX     HARDDISK         1.0  PQ: 0 ANSI: 5
[    1.824194] scsi target2:0:0: Beginning Domain Validation
[    1.836191] scsi target2:0:0: Domain Validation skipping write tests
[    1.843762] scsi target2:0:0: Ending Domain Validation
[    1.849181] scsi target2:0:0: asynchronous
[    1.854665] scsi 2:0:1:0: Direct-Access     VBOX     HARDDISK         1.0  PQ: 0 ANSI: 5
[    1.888139] scsi target2:0:1: Beginning Domain Validation
[    1.892985] random: fast init done
[    1.892996] scsi target2:0:1: Domain Validation skipping write tests
[    1.896015] scsi target2:0:1: Ending Domain Validation
[    1.897702] scsi target2:0:1: asynchronous
[    1.907288] random: systemd-udevd: uninitialized urandom read (16 bytes read)
[    1.907380] sd 2:0:0:0: Attached scsi generic sg0 type 0
[    1.909545] random: systemd-udevd: uninitialized urandom read (16 bytes read)
[    1.911121] sd 2:0:1:0: Attached scsi generic sg1 type 0
[    1.912971] sd 2:0:0:0: [sda] 83886080 512-byte logical blocks: (42.9 GB/40.0 GiB)
[    1.916653] random: systemd-udevd: uninitialized urandom read (16 bytes read)
[    1.918675] sd 2:0:0:0: [sda] Write Protect is off
[    1.920150] sd 2:0:1:0: [sdb] 20480 512-byte logical blocks: (10.5 MB/10.0 MiB)
[    1.920309] sd 2:0:0:0: [sda] Incomplete mode parameter data
[    1.924124] sd 2:0:0:0: [sda] Assuming drive cache: write through
[    1.924811] sd 2:0:1:0: [sdb] Write Protect is off
[    1.927718] sd 2:0:1:0: [sdb] Incomplete mode parameter data
[    1.928611]  sda: sda1
[    1.929472] sd 2:0:1:0: [sdb] Assuming drive cache: write through
[    1.933943] sd 2:0:0:0: [sda] Attached SCSI disk
[    1.938461] sd 2:0:1:0: [sdb] Attached SCSI disk
Begin: Loading essential drivers ... [    3.323697] raid6: sse2x1   gen() 16369 MB/s
[    3.384188] raid6: sse2x1   xor() 13949 MB/s
[    3.440187] raid6: sse2x2   gen() 21089 MB/s
[    3.496208] raid6: sse2x2   xor() 14440 MB/s
[    3.544478] raid6: sse2x4   gen() 20228 MB/s
[    3.592422] raid6: sse2x4   xor() 12221 MB/s
[    3.648280] raid6: avx2x1   gen() 34551 MB/s
[    3.696477] raid6: avx2x1   xor() 19911 MB/s
[    3.746322] raid6: avx2x2   gen() 36706 MB/s
[    3.792206] raid6: avx2x2   xor() 22848 MB/s
[    3.844186] raid6: avx2x4   gen() 44521 MB/s
[    3.903631] raid6: avx2x4   xor() 31375 MB/s
[    3.904149] raid6: using algorithm avx2x4 gen() 44521 MB/s
[    3.904743] raid6: .... xor() 31375 MB/s, rmw enabled
[    3.905273] raid6: using avx2x2 recovery algorithm
[    3.906679] xor: automatically using best checksumming function   avx       
[    3.908290] async_tx: api initialized (async)
done.
Begin: Running /scripts/init-premount ... done.
Begin: Mounting root file system ... Begin: Running /scripts/local-top ... done.
Begin: Running /scripts/local-premount ... [    3.937982] Btrfs loaded, crc32c=crc32c-intel
Scanning for Btrfs filesystems
done.
Warning: fsck not present, so skipping root file system
[    3.969914] EXT4-fs (sda1): mounted filesystem with ordered data mode. Opts: (null)
done.
Begin: Running /scripts/local-bottom ... done.
Begin: Running /scripts/init-bottom ... done.
[    4.153846] ip_tables: (C) 2000-2006 Netfilter Core Team
[    4.167239] systemd[1]: systemd 237 running in system mode. (+PAM +AUDIT +SELINUX +IMA +APPARMOR +SMACK +SYSVINIT +UTMP +LIBCRYPTSETUP +GCRYPT +GNUTLS +ACL +XZ +LZ4 +SECCOMP +BLKID +ELFUTILS +KMOD -IDN2 +IDN -PCRE2 default-hierarchy=hybrid)
[    4.171964] systemd[1]: Detected virtualization oracle.
[    4.173577] systemd[1]: Detected architecture x86-64.

Welcome to [1mUbuntu 18.04.5 LTS[0m!

[    4.181203] systemd[1]: Set hostname to <ubuntu>.
[    4.188109] systemd[1]: Initializing machine ID from random generator.
[    4.189215] systemd[1]: Installed transient /etc/machine-id file.
[    4.544407] systemd[1]: Reached target Swap.
[[0;32m  OK  [0m] Reached target Swap.
[    4.545672] systemd[1]: Reached target User and Group Name Lookups.
[[0;32m  OK  [0m] Reached target User and Group Name Lookups.
[    4.547197] systemd[1]: Set up automount Arbitrary Executable File Formats File System Automount Point.
[[0;32m  OK  [0m] Set up automount Arbitrary Executabâ€¦rmats File System Automount Point.
[    4.549293] systemd[1]: Started Forward Password Requests to Wall Directory Watch.
[[0;32m  OK  [0m] Started Forward Password Requests to Wall Directory Watch.
[[0;32m  OK  [0m] Created slice User and Session Slice.
[[0;32m  OK  [0m] Reached target System Time Synchronized.
[[0;32m  OK  [0m] Created slice System Slice.
[[0;32m  OK  [0m] Reached target Slices.
[[0;32m  OK  [0m] Listening on udev Kernel Socket.
[[0;32m  OK  [0m] Listening on Journal Socket (/dev/log).
[[0;32m  OK  [0m] Listening on /dev/initctl Compatibility Named Pipe.
[[0;32m  OK  [0m] Listening on Journal Socket.
         Starting Uncomplicated firewall...
         Starting Create list of required stâ€¦ce nodes for the current kernel...
         Starting Set the console keyboard layout...
         Starting Load Kernel Modules...
         Mounting POSIX Message Queue File System...
         Mounting Huge Pages File System...
[[0;32m  OK  [0m] Listening on LVM2 metadata daemon socket.
         Mounting Kernel Debug File System...
[[0;32m  OK  [0m] Listening on fsck to fsckd communication Socket.
[[0;32m  OK  [0m] Listening on Syslog Socket.
[[0;32m  OK  [0m] Listening on LVM2 poll daemon socket.
[[0;32m  OK  [0m] Listening on Network Service Netlink Socket.
[[0;32m  OK  [0m] Listening on Journal Audit Socket.
         Starting Journal Service...
[[0;32m  OK  [0m] Listening on udev Control Socket.
         Starting udev Coldplug all Devices...
[[0;32m  OK  [0m] Listening on Device-mapper event daemon FIFOs.
         Starting Monitoring of LVM2 mirrorsâ€¦ng dmeventd or progress polling...
         Starting File System Check on Root Device...
[[0;32m  OK  [0m] Created slice system-serial\x2dgetty.slice.
[[0;32m  OK  [0m] Started Uncomplicated firewall.
[[0;32m  OK  [0m] Started Create list of required staâ€¦vice nodes for the current kernel.
         Starting Create Static Device Nodes in /dev...
[    4.593871] Loading iSCSI transport class v2.0-870.
[    4.598536] iscsi: registered transport (tcp)
[    4.611673] iscsi: registered transport (iser)
[[0;32m  OK  [0m] Started Load Kernel Modules.
[[0;32m  OK  [0m] Mounted POSIX Message Queue File System.
[[0;32m  OK  [0m] Mounted Huge Pages File System.
[[0;32m  OK  [0m] Mounted Kernel Debug File System.
         Mounting FUSE Control File System...
         Starting Apply Kernel Variables...
         Mounting Kernel Configuration File System...
[[0;32m  OK  [0m] Mounted FUSE Control File System.
[[0;32m  OK  [0m] Started Journal Service.
[[0;32m  OK  [0m] Mounted Kernel Configuration File System.
[[0;32m  OK  [0m] Started udev Coldplug all Devices.
[[0;32m  OK  [0m] Started LVM2 metadata daemon.
[[0;32m  OK  [0m] Started File System Check Daemon to report status.
[[0;32m  OK  [0m] Started Create Static Device Nodes in /dev.
[[0;32m  OK  [0m] Started Apply Kernel Variables.
[[0;32m  OK  [0m] Started Monitoring of LVM2 mirrors,â€¦sing dmeventd or progress polling.
[[0;32m  OK  [0m] Started File System Check on Root Device.
         Starting Remount Root and Kernel File Systems...
[[0;32m  OK  [0m] Started Remount Root and Kernel File Systems.
         Starting Flush Journal to Persistent Storage...
         Starting udev Kernel Device Manager...
         Starting Load/Save Random Seed...
[[0;32m  OK  [0m] Started Set the console keyboard layout.
[[0;32m  OK  [0m] Started Load/Save Random Seed.
[[0;32m  OK  [0m] Reached target Local File Systems (Pre).
[[0;32m  OK  [0m] Reached target Local File Systems.
         Starting AppArmor initialization...
         Starting Tell Plymouth To Write Out Runtime Data...
         Starting Set console font and keymap...
         Starting Commit a transient machine-id on disk...
         Starting ebtables ruleset management...
[[0;32m  OK  [0m] Started udev Kernel Device Manager.
[[0;32m  OK  [0m] Started Dispatch Password Requests to Console Directory Watch.
[[0;32m  OK  [0m] Reached target Local Encrypted Volumes.
[[0;32m  OK  [0m] Started Tell Plymouth To Write Out Runtime Data.
[[0;32m  OK  [0m] Started Set console font and keymap.
[[0;32m  OK  [0m] Started Flush Journal to Persistent Storage.
         Starting Create Volatile Files and Directories...
[[0;32m  OK  [0m] Started Commit a transient machine-id on disk.
[[0;32m  OK  [0m] Started Create Volatile Files and Directories.
         Starting Update UTMP about System Boot/Shutdown...
[[0;32m  OK  [0m] Started Update UTMP about System Boot/Shutdown.
[[0;32m  OK  [0m] Started ebtables ruleset management.
[[0;32m  OK  [0m] Found device /dev/ttyS0.
[[0;32m  OK  [0m] Listening on Load/Save RF Kill Switch Status /dev/rfkill Watch.
[[0;32m  OK  [0m] Started AppArmor initialization.
         Starting Initial cloud-init job (pre-networking)...
         Starting Load AppArmor profiles managed internally by snapd...
[[0;32m  OK  [0m] Started Load AppArmor profiles managed internally by snapd.
[    7.614885] cloud-init[571]: Cloud-init v. 20.4.1-0ubuntu1~18.04.1 running 'init-local' at Tue, 09 Mar 2021 14:06:41 +0000. Up 6.44 seconds.
[[0;32m  OK  [0m] Started Initial cloud-init job (pre-networking).
[[0;32m  OK  [0m] Reached target Network (Pre).
         Starting Network Service...
[[0;32m  OK  [0m] Started Network Service.
         Starting Network Name Resolution...
         Starting Wait for Network to be Configured...
[[0;32m  OK  [0m] Started Network Name Resolution.
[[0;32m  OK  [0m] Reached target Network.
[[0;32m  OK  [0m] Reached target Host and Network Name Lookups.
[[0;32m  OK  [0m] Started Wait for Network to be Configured.
         Starting Initial cloud-init job (metadata service crawler)...
[    9.580055] cloud-init[718]: Cloud-init v. 20.4.1-0ubuntu1~18.04.1 running 'init' at Tue, 09 Mar 2021 14:06:44 +0000. Up 9.48 seconds.
[    9.581014] cloud-init[718]: ci-info: ++++++++++++++++++++++++++++++++++++++Net device info++++++++++++++++++++++++++++++++++++++
[    9.581965] cloud-init[718]: ci-info: +--------+------+----------------------------+---------------+--------+-------------------+
[    9.592155] cloud-init[718]: ci-info: | Device |  Up  |          Address           |      Mask     | Scope  |     Hw-Address    |
[    9.593031] cloud-init[718]: ci-info: +--------+------+----------------------------+---------------+--------+-------------------+
[    9.593919] cloud-init[718]: ci-info: | enp0s3 | True |         10.0.2.15          | 255.255.255.0 | global | 02:23:22:c3:32:51 |
[    9.594708] cloud-init[718]: ci-info: | enp0s3 | True | fe80::23:22ff:fec3:3251/64 |       .       |  link  | 02:23:22:c3:32:51 |
[    9.595607] cloud-init[718]: ci-info: |   lo   | True |         127.0.0.1          |   255.0.0.0   |  host  |         .         |
[    9.596449] cloud-init[718]: ci-info: |   lo   | True |          ::1/128           |       .       |  host  |         .         |
[    9.597304] cloud-init[718]: ci-info: +--------+------+----------------------------+---------------+--------+-------------------+
[    9.598197] cloud-init[718]: ci-info: ++++++++++++++++++++++++++++Route IPv4 info+++++++++++++++++++++++++++++
[    9.598991] cloud-init[718]: ci-info: +-------+-------------+----------+-----------------+-----------+-------+
[    9.599675] cloud-init[718]: ci-info: | Route | Destination | Gateway  |     Genmask     | Interface | Flags |
[    9.600473] cloud-init[718]: ci-info: +-------+-------------+----------+-----------------+-----------+-------+
[    9.601184] cloud-init[718]: ci-info: |   0   |   0.0.0.0   | 10.0.2.2 |     0.0.0.0     |   enp0s3  |   UG  |
[    9.601953] cloud-init[718]: ci-info: |   1   |   10.0.2.0  | 0.0.0.0  |  255.255.255.0  |   enp0s3  |   U   |
[    9.602662] cloud-init[718]: ci-info: |   2   |   10.0.2.2  | 0.0.0.0  | 255.255.255.255 |   enp0s3  |   UH  |
[    9.603445] cloud-init[718]: ci-info: +-------+-------------+----------+-----------------+-----------+-------+
[    9.604172] cloud-init[718]: ci-info: +++++++++++++++++++Route IPv6 info+++++++++++++++++++
[    9.616210] cloud-init[718]: ci-info: +-------+-------------+---------+-----------+-------+
[    9.628177] cloud-init[718]: ci-info: | Route | Destination | Gateway | Interface | Flags |
[    9.628960] cloud-init[718]: ci-info: +-------+-------------+---------+-----------+-------+
[    9.629731] cloud-init[718]: ci-info: |   1   |  fe80::/64  |    ::   |   enp0s3  |   U   |
[    9.630460] cloud-init[718]: ci-info: |   3   |    local    |    ::   |   enp0s3  |   U   |
[    9.630947] cloud-init[718]: ci-info: |   4   |   ff00::/8  |    ::   |   enp0s3  |   U   |
[    9.631525] cloud-init[718]: ci-info: +-------+-------------+---------+-----------+-------+
[   13.730328] cloud-init[718]: Generating public/private rsa key pair.
[   13.730808] cloud-init[718]: Your identification has been saved in /etc/ssh/ssh_host_rsa_key.
[   13.731372] cloud-init[718]: Your public key has been saved in /etc/ssh/ssh_host_rsa_key.pub.
[   13.732000] cloud-init[718]: The key fingerprint is:
[   13.732374] cloud-init[718]: SHA256:Okdgb24CYC8XrqPRF2dWjQ7h9Jex0MQVzVbs41FpMqs root@ubuntu-bionic
[   13.733019] cloud-init[718]: The key's randomart image is:
[   13.733424] cloud-init[718]: +---[RSA 2048]----+
[   13.733790] cloud-init[718]: |      o .+o.o+ oo|
[   13.734145] cloud-init[718]: |     o o +o+ o+oo|
[   13.734506] cloud-init[718]: |  o . = + =  .=..|
[   13.734859] cloud-init[718]: | . + o * .   . o.|
[   13.735214] cloud-init[718]: |  . * + S   . . o|
[   13.735563] cloud-init[718]: | . + * =   E   . |
[   13.735930] cloud-init[718]: |. + . + +        |
[   13.736312] cloud-init[718]: | o o   =         |
[   13.736680] cloud-init[718]: |.                |
[   13.737024] cloud-init[718]: +----[SHA256]-----+
[   13.737367] cloud-init[718]: Generating public/private dsa key pair.
[   13.737847] cloud-init[718]: Your identification has been saved in /etc/ssh/ssh_host_dsa_key.
[   13.738450] cloud-init[718]: Your public key has been saved in /etc/ssh/ssh_host_dsa_key.pub.
[   13.739055] cloud-init[718]: The key fingerprint is:
[   13.739441] cloud-init[718]: SHA256:EKpiRwbbIQE/TPwzPln8ZFgBBussBYCC0JYIxSJ0VQ0 root@ubuntu-bionic
[   13.740070] cloud-init[718]: The key's randomart image is:
[   13.740474] cloud-init[718]: +---[DSA 1024]----+
[   13.740863] cloud-init[718]: |%%=+oo=E+.       |
[   13.741234] cloud-init[718]: |B+%..+ ...       |
[   13.741580] cloud-init[718]: |o++=+..o         |
[   13.741924] cloud-init[718]: |  o*+ +.o        |
[   13.757552] cloud-init[718]: |..ooo= +S        |
[   13.757992] cloud-init[718]: |....+   .        |
[   13.758395] cloud-init[718]: |     .           |
[   13.758776] cloud-init[718]: |                 |
[   13.759201] cloud-init[718]: |                 |
[   13.759524] cloud-init[718]: +----[SHA256]-----+
[   13.759898] cloud-init[718]: Generating public/private ecdsa key pair.
[   13.760380] cloud-init[718]: Your identification has been saved in /etc/ssh/ssh_host_ecdsa_key.
[   13.761036] cloud-init[718]: Your public key has been saved in /etc/ssh/ssh_host_ecdsa_key.pub.
[   13.761668] cloud-init[718]: The key fingerprint is:
[   13.762082] cloud-init[718]: SHA256:nDADvxYuFdpqd0D4HicuZBxTDr6r6XuswRa3zXRwAd0 root@ubuntu-bionic
[   13.762763] cloud-init[718]: The key's randomart image is:
[   13.763210] cloud-init[718]: +---[ECDSA 256]---+
[   13.763577] cloud-init[718]: |    oo=o..       |
[   13.763919] cloud-init[718]: |   .+O ...E      |
[   13.764338] cloud-init[718]: |   .o+% .        |
[   13.764721] cloud-init[718]: |    +=+@..       |
[   13.765124] cloud-init[718]: |  .o*o*+S        |
[   13.765515] cloud-init[718]: | . +.Xoo         |
[   13.765900] cloud-init[718]: |  +.o.o          |
[   13.766305] cloud-init[718]: | . +o            |
[   13.766712] cloud-init[718]: | .*+             |
[   13.767122] cloud-init[718]: +----[SHA256]-----+
[   13.767532] cloud-init[718]: Generating public/private ed25519 key pair.
[   13.768109] cloud-init[718]: Your identification has been saved in /etc/ssh/ssh_host_ed25519_key.
[   13.768837] cloud-init[718]: Your public key has been saved in /etc/ssh/ssh_host_ed25519_key.pub.
[   13.769608] cloud-init[718]: The key fingerprint is:
[   13.770017] cloud-init[718]: SHA256:nPsHQDGtCZQwEVwO6thsABIJ1TzOSYCFsgOpNekxua4 root@ubuntu-bionic
[   13.770713] cloud-init[718]: The key's randomart image is:
[   13.771207] cloud-init[718]: +--[ED25519 256]--+
[   13.771630] cloud-init[718]: |*O+B**o.oo       |
[   13.772003] cloud-init[718]: |X B.*+o ...      |
[[0;32m  OK  [0m] Started Initial cloud-init job (metadata service crawler).
[   13.784927] cloud-init[718]: |=+.O o.o o       |
[   13.785823] cloud-init[718]: |+*o +  .+.       |
[[0;32m  OK  [0m[   13.786220] cloud-init[718]: |.o=     S.       |
[   13.786360] cloud-init[718]: | ..      ..      |
[   13.786592] cloud-init[718]: | .      .  .     |
[   13.786880] cloud-init[718]: |E        .  .    |
[   13.786982] cloud-init[718]: |          ..     |
[   13.787368] cloud-init[718]: +----[SHA256]-----+
] Reached target Cloud-config availability.
[[0;32m  OK  [0m] Reached target Network is Online.
[[0;32m  OK  [0m] Reached target Remote File Systems (Pre).
[[0;32m  OK  [0m] Reached target Remote File Systems.
         Starting Availability of block devices...
[[0;32m  OK  [0m] Reached target System Initialization.
[[0;32m  OK  [0m] Started ACPI Events Check.
[[0;32m  OK  [0m] Started Message of the Day.
[[0;32m  OK  [0m] Started Daily Cleanup of Temporary Directories.
[[0;32m  OK  [0m] Listening on Open-iSCSI iscsid Socket.
[[0;32m  OK  [0m] Started Discard unused blocks once a week.
[[0;32m  OK  [0m] Started Daily apt download activities.
[[0;32m  OK  [0m] Started Daily apt upgrade and clean activities.
[[0;32m  OK  [0m] Reached target Paths.
         Starting LXD - unix socket.
         Starting Socket activation for snappy daemon.
[[0;32m  OK  [0m] Reached target Timers.
[[0;32m  OK  [0m] Listening on D-Bus System Message Bus Socket.
[[0;32m  OK  [0m] Listening on UUID daemon activation socket.
[[0;32m  OK  [0m] Listening on ACPID Listen Socket.
[[0;32m  OK  [0m] Listening on LXD - unix socket.
[[0;32m  OK  [0m] Started Availability of block devices.
[[0;32m  OK  [0m] Listening on Socket activation for snappy daemon.
[[0;32m  OK  [0m] Reached target Sockets.
[[0;32m  OK  [0m] Reached target Basic System.
         Starting Login Service...
[[0;32m  OK  [0m] Started D-Bus System Message Bus.
[[0;32m  OK  [0m] Started Deferred execution scheduler.
[[0;32m  OK  [0m] Started Regular background program processing daemon.
         Starting LXD - container startup/shutdown...
[[0;32m  OK  [0m] Started irqbalance daemon.
[[0;32m  OK  [0m] Started FUSE filesystem for LXC.
         Starting LSB: Record successful boot for GRUB...
         Starting Dispatcher daemon for systemd-networkd...
         Starting System Logging Service...
         Starting Permit User Sessions...
         Starting Pollinate to seed the pseudo random number generator...
         Starting Virtualbox guest utils...
         Starting Accounts Service...
         Starting Snap Daemon...
         Starting LSB: automatic crash report generation...
[[0;32m  OK  [0m] Started Login Service.
[[0;32m  OK  [0m] Started Unattended Upgrades Shutdown.
[[0;32m  OK  [0m] Started System Logging Service.
[[0;32m  OK  [0m] Started Permit User Sessions.
         Starting Hold until boot process finishes up...
         Starting Terminate Plymouth Boot Screen...
[[0;32m  OK  [0m] Started Hold until boot process finishes up.
[[0;32m  OK  [0m] Started Serial Getty on ttyS0.
         Starting Set console scheme...
[[0;32m  OK  [0m] Started Terminate Plymouth Boot Screen.
[[0;32m  OK  [0m] Started Set console scheme.
[[0;32m  OK  [0m] Created slice system-getty.slice.
[[0;32m  OK  [0m] Started Getty on tty1.
[[0;32m  OK  [0m] Reached target Login Prompts.
[[0;32m  OK  [0m] Started LSB: automatic crash report generation.
[[0;32m  OK  [0m] Started LSB: Record successful boot for GRUB.
[[0;32m  OK  [0m] Started LXD - container startup/shutdown.
[[0;32m  OK  [0m] Started Virtualbox guest utils.
         Starting Authorization Manager...
[[0;32m  OK  [0m] Started Authorization Manager.
[[0;32m  OK  [0m] Started Accounts Service.
[[0;32m  OK  [0m] Started Dispatcher daemon for systemd-networkd.
[[0;32m  OK  [0m] Started Snap Daemon.
         Starting Wait until snapd is fully seeded...
[[0;32m  OK  [0m] Started Pollinate to seed the pseudo random number generator.
         Starting OpenBSD Secure Shell server...
[[0;32m  OK  [0m] Started OpenBSD Secure Shell server.
[[0;32m  OK  [0m] Created slice User Slice of vagrant.
         Starting User Manager for UID 1000...
[[0;32m  OK  [0m] Started Session 1 of user vagrant.
[[0;32m  OK  [0m] Started User Manager for UID 1000.
[[0;32m  OK  [0m] Started Wait until snapd is fully seeded.
[[0;32m  OK  [0m] Reached target Multi-User System.
[[0;32m  OK  [0m] Reached target Graphical Interface.
         Starting Update UTMP about System Runlevel Changes...
         Starting Apply the settings specified in cloud-config...
[[0;32m  OK  [0m] Started Update UTMP about System Runlevel Changes.
[   17.317216] cloud-init[1329]: Cloud-init v. 20.4.1-0ubuntu1~18.04.1 running 'modules:config' at Tue, 09 Mar 2021 14:06:51 +0000. Up 16.43 seconds.
[[0;32m  OK  [0m] Started Apply the settings specified in cloud-config.
         Starting Execute cloud user/final scripts...
ci-info: no authorized SSH keys fingerprints found for user ubuntu.
<14>Mar  9 14:06:52 ec2: 
<14>Mar  9 14:06:52 ec2: #############################################################
<14>Mar  9 14:06:52 ec2: -----BEGIN SSH HOST KEY FINGERPRINTS-----
<14>Mar  9 14:06:52 ec2: 1024 SHA256:EKpiRwbbIQE/TPwzPln8ZFgBBussBYCC0JYIxSJ0VQ0 root@ubuntu-bionic (DSA)
<14>Mar  9 14:06:52 ec2: 256 SHA256:nDADvxYuFdpqd0D4HicuZBxTDr6r6XuswRa3zXRwAd0 root@ubuntu-bionic (ECDSA)
<14>Mar  9 14:06:52 ec2: 256 SHA256:nPsHQDGtCZQwEVwO6thsABIJ1TzOSYCFsgOpNekxua4 root@ubuntu-bionic (ED25519)
<14>Mar  9 14:06:52 ec2: 2048 SHA256:Okdgb24CYC8XrqPRF2dWjQ7h9Jex0MQVzVbs41FpMqs root@ubuntu-bionic (RSA)
<14>Mar  9 14:06:52 ec2: -----END SSH HOST KEY FINGERPRINTS-----
<14>Mar  9 14:06:52 ec2: #############################################################
-----BEGIN SSH HOST KEY KEYS-----
ecdsa-sha2-nistp256 AAAAE2VjZHNhLXNoYTItbmlzdHAyNTYAAAAIbmlzdHAyNTYAAABBBEeL464Hchlopz3nY6nU0HbJzVBXTrKh2/veIdLL6di6XUczxyb5teDAlwYn3bZqmz0P5T140fmsEsJo+eIxIHQ= root@ubuntu-bionic
ssh-ed25519 AAAAC3NzaC1lZDI1NTE5AAAAIJGok1ZtZey0ufonSV8IQ93QkVDUxI5luni/Kcv7bkua root@ubuntu-bionic
ssh-rsa AAAAB3NzaC1yc2EAAAADAQABAAABAQDVmRP9CWZjuEnGkqpUsHJ15cS8xkylo4KyzRemFaJcekPTUyiVIzLLJqMkgGINgKrdQ5/GlPBfawjcisqpheOFtPds6z/jq9mL5yjpY+L5SrEvk2qopp2XY+VIOLInwdfFSQukwKB7rjyrtPjPxUuLB0dBU+/cMbOsPJGK8PSppDKPdC2LORT7vznb2ku5Cu9ogZ2YQJyRoQG+yBW0ZbN39pVr7CH1s6piZI1IuLDQd0C4ty2vklpt11KB1JHNv3YWU8RwRBQY0CQeRZ6ouIgrFSyvdCo/9BKPml647j+qnrGEMfRlRbsZAQbR3UhWBtJDiR/AEEDl03Imk332slYv root@ubuntu-bionic
-----END SSH HOST KEY KEYS-----
[   17.730438] cloud-init[1402]: Cloud-init v. 20.4.1-0ubuntu1~18.04.1 running 'modules:final' at Tue, 09 Mar 2021 14:06:52 +0000. Up 17.62 seconds.
[   17.731317] cloud-init[1402]: ci-info: no authorized SSH keys fingerprints found for user ubuntu.
[   17.731931] cloud-init[1402]: Cloud-init v. 20.4.1-0ubuntu1~18.04.1 finished at Tue, 09 Mar 2021 14:06:52 +0000. Datasource DataSourceNoCloud [seed=/dev/sdb][dsmode=net].  Up 17.72 seconds
[[0;32m  OK  [0m] Started Execute cloud user/final scripts.
[[0;32m  OK  [0m] Reached target Cloud-init target.

Ubuntu 18.04.5 LTS ubuntu-bionic ttyS0

ubuntu-bionic login: 